2026-10-07T17:38:01Z INF Thank you for trying Cloudflare Tunnel. Doing so, without a Cloudflare account, is a quick way to experiment and try it out. However, be aware that these account-less Tunnels have no uptime guarantee, are subject to the Cloudflare Online Services Terms of Use (https://www.cloudflare.com/website-terms/), and Cloudflare reserves the right to investigate your use of Tunnels for violations of such terms. If you intend to use Tunnels in production you should use a pre-created named tunnel by following: https://developers.cloudflare.com/cloudflare-one/connections/connect-apps
2026-10-07T17:38:01Z INF Requesting new quick Tunnel on trycloudflare.com...
2026-10-07T17:38:07Z INF +--------------------------------------------------------------------------------------------+
2026-10-07T17:38:07Z INF |  Your quick Tunnel has been created! Visit it at (it may take some time to be reachable):  |
2026-10-07T17:38:07Z INF |  https://nickel-books-hugo-cakes.trycloudflare.com                                         |
2026-10-07T17:38:07Z INF +--------------------------------------------------------------------------------------------+
2026-10-07T17:38:07Z INF Cannot determine default configuration path. No file [config.yml config.yaml] in [~/.cloudflared ~/.cloudflare-warp ~/cloudflare-warp]
2026-10-07T17:38:07Z INF Version 2026.10.0 (Checksum 86aee4017b26625cee8484c113558f48effa4cd47f7aa05fcf425604e5d2b23c)
2026-10-07T17:38:07Z INF GOOS: windows, GOVersion: go1.26.8, GoArch: amd64
2026-10-07T17:38:07Z INF Settings: map[ha-connections:1 protocol:quic url:http://127.0.0.1:5000]
2026-10-07T17:38:07Z INF cloudflared will not automatically update on Windows systems.
2026-10-07T17:38:07Z INF Generated Connector ID: 1964a695-86c5-453b-8fa0-87443e32ebf5
2026-10-07T17:38:07Z INF Initial protocol quic
2026-10-07T17:38:07Z INF ICMP proxy will use 192.168.94.176 as source for IPv4
2026-10-07T17:38:07Z INF ICMP proxy will use fe80::5199:ee14:a91e:32c3 in zone Ethernet 2 as source for IPv6
2026-10-07T17:38:08Z INF cloudflared does not support loading the system root certificate pool on Windows. Please use --origin-ca-pool <PATH> to specify the path to the certificate pool
2026-10-07T17:38:08Z INF ICMP proxy will use 192.168.94.176 as source for IPv4
2026-10-07T17:38:08Z INF Tunnel connection curve preferences: [X25519MLKEM768 CurveID(65074) CurveP256] connIndex=0 event=0 ip=198.41.192.47
2026-10-07T17:38:08Z INF ICMP proxy will use fe80::5199:ee14:a91e:32c3 in zone Ethernet 2 as source for IPv6
2026-10-07T17:38:08Z INF Starting metrics server on 127.0.0.1:20241/metrics
2026-10-07T17:38:08Z INF +-------------------------------------------------------------------------------------+
2026-10-07T17:38:08Z INF |                               CONNECTIVITY PRE-CHECKS                               |
2026-10-07T17:38:08Z INF +-------------------------------------------------------------------------------------+
2026-10-07T17:38:08Z INF |  COMPONENT         TARGET                     STATUS  DETAILS                       |
2026-10-07T17:38:08Z INF |  DNS Resolution    region1.v2.argotunnel.com  PASS    DNS Resolved successfully     |
2026-10-07T17:38:08Z INF |  DNS Resolution    region2.v2.argotunnel.com  PASS    DNS Resolved successfully     |
2026-10-07T17:38:08Z INF |  UDP Connectivity  region1.v2.argotunnel.com  PASS    QUIC connection successful    |
2026-10-07T17:38:08Z INF |  UDP Connectivity  region2.v2.argotunnel.com  PASS    QUIC connection successful    |
2026-10-07T17:38:08Z INF |  TCP Connectivity  region1.v2.argotunnel.com  PASS    HTTP/2 connection successful  |
2026-10-07T17:38:08Z INF |  TCP Connectivity  region2.v2.argotunnel.com  PASS    HTTP/2 connection successful  |
2026-10-07T17:38:08Z INF |  Cloudflare API    api.cloudflare.com:443     PASS    API is reachable              |
2026-10-07T17:38:08Z INF |                                                                                     |
2026-10-07T17:38:08Z INF |  SUMMARY: Environment is healthy. cloudflared will use 'quic' as primary protocol.  |
2026-10-07T17:38:08Z INF +-------------------------------------------------------------------------------------+
2026-10-07T17:38:08Z INF precheck component="DNS Resolution" details="DNS Resolved successfully" run_id=22c3b56d-e3b0-4397-94b0-ea69e99d4ddc status=pass target=region1.v2.argotunnel.com
2026-10-07T17:38:08Z INF precheck component="DNS Resolution" details="DNS Resolved successfully" run_id=22c3b56d-e3b0-4397-94b0-ea69e99d4ddc status=pass target=region2.v2.argotunnel.com
2026-10-07T17:38:08Z INF precheck component="UDP Connectivity" details="QUIC connection successful" run_id=22c3b56d-e3b0-4397-94b0-ea69e99d4ddc status=pass target=region1.v2.argotunnel.com
2026-10-07T17:38:08Z INF precheck component="UDP Connectivity" details="QUIC connection successful" run_id=22c3b56d-e3b0-4397-94b0-ea69e99d4ddc status=pass target=region2.v2.argotunnel.com
2026-10-07T17:38:08Z INF precheck component="TCP Connectivity" details="HTTP/2 connection successful" run_id=22c3b56d-e3b0-4397-94b0-ea69e99d4ddc status=pass target=region1.v2.argotunnel.com
2026-10-07T17:38:08Z INF precheck component="TCP Connectivity" details="HTTP/2 connection successful" run_id=22c3b56d-e3b0-4397-94b0-ea69e99d4ddc status=pass target=region2.v2.argotunnel.com
2026-10-07T17:38:08Z INF precheck component="Cloudflare API" details="API is reachable" run_id=22c3b56d-e3b0-4397-94b0-ea69e99d4ddc status=pass target=api.cloudflare.com:443
2026-10-07T17:38:08Z INF precheck complete hard_fail=false run_id=22c3b56d-e3b0-4397-94b0-ea69e99d4ddc suggested_protocol=quic
2026-10-07T17:38:08Z INF Registered tunnel connection connIndex=0 connection=5a9240e4-7f70-4c66-aff6-a06b93f677f1 event=0 ip=198.41.192.47 location=hyd06 protocol=quic
